[    1119ms] [LOG] [nimble-params] site=wol&page=article&cid=10.1111%2Fj.1540-6261.1991.tb03749.x&q= @ https://onlinelibrary.wiley.com/doi/10.1111/j.1540-6261.1991.tb03749.x:551
[    1622ms] [LOG] JQMIGRATE: Migrate is installed, version 3.0.0 @ https://onlinelibrary.wiley.com/products/acropolis/pericles/releasedAssets/js/main.bundle-09dd6ff86ac884f6e999.js:85
[    1687ms] [LOG] Cart Service initialized! @ https://onlinelibrary.wiley.com/wro/2e799c5d6c5a4de65514bff699c7a783365d58af~product.js:288
[    1688ms] [LOG] Commerce Cart :: Registering service buyingList listener... @ https://onlinelibrary.wiley.com/wro/2e799c5d6c5a4de65514bff699c7a783365d58af~product.js:284
[    1688ms] [LOG] Commerce Cart :: Registering service savedItems listener... @ https://onlinelibrary.wiley.com/wro/2e799c5d6c5a4de65514bff699c7a783365d58af~product.js:284
[    1769ms] [LOG] Commerce Cart :: Registering service buyingList listener... @ https://onlinelibrary.wiley.com/wro/2e799c5d6c5a4de65514bff699c7a783365d58af~product.js:284
[    1769ms] [LOG] Commerce Cart :: Registering service savedItems listener... @ https://onlinelibrary.wiley.com/wro/2e799c5d6c5a4de65514bff699c7a783365d58af~product.js:284
[    1769ms] [LOG] Commerce Cart :: Registering service undefined listener... @ https://onlinelibrary.wiley.com/wro/2e799c5d6c5a4de65514bff699c7a783365d58af~product.js:284
[    1769ms] [LOG] Commerce Cart :: Registering service undefined listener... @ https://onlinelibrary.wiley.com/wro/2e799c5d6c5a4de65514bff699c7a783365d58af~product.js:284
[    1769ms] [LOG] Commerce Cart :: Registering service undefined listener... @ https://onlinelibrary.wiley.com/wro/2e799c5d6c5a4de65514bff699c7a783365d58af~product.js:284
[    1770ms] [LOG] Commerce Cart :: Registering service identity listener... @ https://onlinelibrary.wiley.com/wro/2e799c5d6c5a4de65514bff699c7a783365d58af~product.js:284
[    1770ms] [LOG] Commerce Cart :: Registering service buyingList listener... @ https://onlinelibrary.wiley.com/wro/2e799c5d6c5a4de65514bff699c7a783365d58af~product.js:284
[    1770ms] [LOG] Commerce Cart :: Registering service savedItems listener... @ https://onlinelibrary.wiley.com/wro/2e799c5d6c5a4de65514bff699c7a783365d58af~product.js:284
[    1770ms] [LOG] Commerce Cart :: Registering service undefined listener... @ https://onlinelibrary.wiley.com/wro/2e799c5d6c5a4de65514bff699c7a783365d58af~product.js:284
[    1770ms] [LOG] Commerce Cart :: Registering service undefined listener... @ https://onlinelibrary.wiley.com/wro/2e799c5d6c5a4de65514bff699c7a783365d58af~product.js:284
[    1770ms] [LOG] Commerce Cart :: Registering service undefined listener... @ https://onlinelibrary.wiley.com/wro/2e799c5d6c5a4de65514bff699c7a783365d58af~product.js:284
[    1859ms] [LOG] iFrame blocked: https://static.addtoany.com/menu/sm.25.html#type=core&event=load @ https://onlinelibrary.wiley.com/doi/10.1111/j.1540-6261.1991.tb03749.x:139
[    1861ms] [LOG] iFrame blocked: https://static.addtoany.com/menu/sm.25.html#type=core&event=load @ https://onlinelibrary.wiley.com/doi/10.1111/j.1540-6261.1991.tb03749.x:139
[    2286ms] [WARNING] [GPT] PubAdsService.setTargeting is deprecated, use googletag.setConfig({targeting: ...}) instead.
https://goo.gle/gpt-message#170 @ https://securepubads.g.doubleclick.net/pagead/managed/js/gpt/m202607060101/pubads_impl.js?cb=31099589:18
[    2292ms] [WARNING] [GPT] Slot.setCollapseEmptyDiv is deprecated, use Slot.setConfig({collapseDiv: ...}) instead.
https://goo.gle/gpt-message#171 @ https://securepubads.g.doubleclick.net/pagead/managed/js/gpt/m202607060101/pubads_impl.js?cb=31099589:18
[    2294ms] [TIMEEND] gpt ready: 934.14501953125 ms @ https://onlinelibrary.wiley.com/doi/10.1111/j.1540-6261.1991.tb03749.x:1486
[    2312ms] [ERROR] Failed to load resource: the server responded with a status of 404 () @ https://onlinelibrary.wiley.com/action/connectTeaserInfo:0
[    2312ms] [ERROR] Failed to fetch user info: 404  @ https://onlinelibrary.wiley.com/wro/2e799c5d6c5a4de65514bff699c7a783365d58af~product.js:253
[    2380ms] [LOG] Cookie blocked: HMACCOUNT @ https://onlinelibrary.wiley.com/doi/10.1111/j.1540-6261.1991.tb03749.x:136
[    2387ms] [LOG] Cookie blocked: dmd-tag @ https://onlinelibrary.wiley.com/doi/10.1111/j.1540-6261.1991.tb03749.x:136
[    2395ms] [LOG] Cookie blocked: dmd-sid4 @ https://onlinelibrary.wiley.com/doi/10.1111/j.1540-6261.1991.tb03749.x:136
[    2476ms] [LOG] {aim_version: 4.57.0, event_timestamp: 2026-07-10 15:45:36, country_code: , country_description: , dgid: } @ https://onlinelibrary.wiley.com/doi/10.1111/j.1540-6261.1991.tb03749.x:743
[    2577ms] [TIMEEND] DV ready: 282.6259765625 ms @ https://onlinelibrary.wiley.com/doi/10.1111/j.1540-6261.1991.tb03749.x:1489
[    2579ms] [TIMEEND] advert-leaderboard ready: 1.74609375 ms @ https://onlinelibrary.wiley.com/doi/10.1111/j.1540-6261.1991.tb03749.x:1492
[    2671ms] [ERROR] Failed to load resource: the server responded with a status of 401 () @ https://onlinelibrary.wiley.com/pb/widgets/article-assistant/initiate?doi=10.1111%2Fj.1540-6261.1991.tb03749.x:0
[    2672ms] [LOG] init.errorCode subscriptionRequiredI @ https://onlinelibrary.wiley.com/products/acropolis/pericles/releasedAssets/js/ContentAssistant.js:0
[    2726ms] [LOG] Cookie blocked: _uetsid @ https://onlinelibrary.wiley.com/doi/10.1111/j.1540-6261.1991.tb03749.x:136
[    2728ms] [LOG] Cookie blocked: _uetsid @ https://onlinelibrary.wiley.com/doi/10.1111/j.1540-6261.1991.tb03749.x:136
[    2729ms] [LOG] Cookie blocked: _uetsid @ https://onlinelibrary.wiley.com/doi/10.1111/j.1540-6261.1991.tb03749.x:136
[    2740ms] [LOG] Cookie blocked: _uetsid @ https://onlinelibrary.wiley.com/doi/10.1111/j.1540-6261.1991.tb03749.x:136
[    2777ms] [LOG] Script blocked: https://www.clarity.ms/tag/uet/134596254 @ https://onlinelibrary.wiley.com/doi/10.1111/j.1540-6261.1991.tb03749.x:133
[    2778ms] [LOG] Script blocked: https://www.clarity.ms/tag/uet/134596254 @ https://onlinelibrary.wiley.com/doi/10.1111/j.1540-6261.1991.tb03749.x:133
[    2852ms] [ERROR] Failed to load resource: the server responded with a status of 403 () @ https://onlinelibrary.wiley.com/pb/widgets/article-assistant/fullHistory:0
[    2852ms] [ERROR] Failed to fetch full history: Error: Request failed
    at ContentAssistantRequestHandler.<anonymous> (https://onlinelibrary.wiley.com/products/acropolis/pericles/releasedAssets/js/ContentAssistant.js:1:180322)
    at step (https://onlinelibrary.wiley.com/products/acropolis/pericles/releasedAssets/js/ContentAssistant.js:1:172815)
    at Object.throw (https://onlinelibrary.wiley.com/products/acropolis/pericles/releasedAssets/js/ContentAssistant.js:1:172920)
    at rejected (https://onlinelibrary.wiley.com/products/acropolis/pericles/releasedAssets/js/ContentAssistant.js:1:171644) 10.1111/j.1540-6261.1991.tb03749.x @ https://onlinelibrary.wiley.com/products/acropolis/pericles/releasedAssets/js/ContentAssistant.js:0
[    2876ms] [LOG] errorCode subscriptionRequiredI @ https://onlinelibrary.wiley.com/products/acropolis/pericles/releasedAssets/js/ContentAssistant.js:0
[    3222ms] [WARNING] MathJax: Invalid option "explorer" (no default value). @ https://onlinelibrary.wiley.com/specs/products/acropolis/pericles/releasedAssets/public/mathjax4-e9d1bdd9ce22f39685449bbadbf9a90a/tex-mml-chtml.js:0
[    3292ms] [WARNING] MathJax: Invalid option "explorer" (no default value). @ https://onlinelibrary.wiley.com/specs/products/acropolis/pericles/releasedAssets/public/mathjax4-e9d1bdd9ce22f39685449bbadbf9a90a/tex-mml-chtml.js:0
[    3567ms] [WARNING] 🚀 _satellite.readCookie is deprecated. Please use _satellite.cookie.get("randomizeUser"). @ https://assets.adobedtm.com/59640f9fa510/591d3f748997/launch-1ff1f800248b.min.js:12
[    3568ms] [WARNING] 🚀 _satellite.setCookie is deprecated. Please use _satellite.cookie.set("randomizeUser", "0.3967901828609107"). @ https://assets.adobedtm.com/59640f9fa510/591d3f748997/launch-1ff1f800248b.min.js:12
[    3694ms] [LOG] Cookie blocked: _twpid @ https://onlinelibrary.wiley.com/doi/10.1111/j.1540-6261.1991.tb03749.x:136
[    3695ms] [LOG] Cookie blocked: _twpid @ https://onlinelibrary.wiley.com/doi/10.1111/j.1540-6261.1991.tb03749.x:136
[    4167ms] [LOG] Script blocked: https://content.wiley.com/analytics?ver=3&visitor_id=&visitor_id_sign=&pi_opt_in=&campaign_id=null&account_id=1116643&title=Measuring%20the%20Information%20Content%20of%20Stock%20Trades%20-%20HASBROUCK%20-%201991%20-%20The%20Journal%20of%20Finance%20-%20Wiley%20Online%20Library&url=https%3A%2F%2Fonlinelibrary.wiley.com%2Fdoi%2F10.1111%2Fj.1540-6261.1991.tb03749.x&referrer= @ https://onlinelibrary.wiley.com/doi/10.1111/j.1540-6261.1991.tb03749.x:133
[    4169ms] [LOG] Script blocked: https://content.wiley.com/analytics?ver=3&visitor_id=&visitor_id_sign=&pi_opt_in=&campaign_id=null&account_id=1116643&title=Measuring%20the%20Information%20Content%20of%20Stock%20Trades%20-%20HASBROUCK%20-%201991%20-%20The%20Journal%20of%20Finance%20-%20Wiley%20Online%20Library&url=https%3A%2F%2Fonlinelibrary.wiley.com%2Fdoi%2F10.1111%2Fj.1540-6261.1991.tb03749.x&referrer= @ https://onlinelibrary.wiley.com/doi/10.1111/j.1540-6261.1991.tb03749.x:133
[    4253ms] [LOG] iFrame blocked: https://ep2.adtrafficquality.google/sodar/sodar2/255/runner.html @ https://onlinelibrary.wiley.com/doi/10.1111/j.1540-6261.1991.tb03749.x:139
[    4254ms] [LOG] iFrame blocked: https://ep2.adtrafficquality.google/sodar/sodar2/255/runner.html @ https://onlinelibrary.wiley.com/doi/10.1111/j.1540-6261.1991.tb03749.x:139
[    4372ms] [LOG] Logs from Web SDK Extension || web.webInteraction @ https://assets.adobedtm.com/59640f9fa510/591d3f748997/launch-1ff1f800248b.min.js:2
[    4372ms] [LOG] {linkClicks: Object, name: wol:related content -  tab loaded, URL: undefined, type: other} @ https://assets.adobedtm.com/59640f9fa510/591d3f748997/launch-1ff1f800248b.min.js:2
[    7730ms] [WARNING] The resource https://onlinelibrary.wiley.com/products/acropolis/pericles/releasedAssets/fonts/open-sans/open-sans-v34-latin-ext-600-d985c84909eb941bc635fa8524d08f55.woff2 was preloaded using link preload but not used within a few seconds from the window's load event. Please make sure it has an appropriate `as` value and it is preloaded intentionally. @ https://onlinelibrary.wiley.com/doi/10.1111/j.1540-6261.1991.tb03749.x:0
[    7730ms] [WARNING] The resource https://onlinelibrary.wiley.com/products/acropolis/pericles/releasedAssets/fonts/source-serif-pro/source-serif-pro-v5-latin-600-c499fba2e89b590ea2e845c08766668b.woff2 was preloaded using link preload but not used within a few seconds from the window's load event. Please make sure it has an appropriate `as` value and it is preloaded intentionally. @ https://onlinelibrary.wiley.com/doi/10.1111/j.1540-6261.1991.tb03749.x:0
[    7730ms] [WARNING] The resource https://onlinelibrary.wiley.com/products/acropolis/pericles/releasedAssets/fonts/open-sans/open-sans-v15-latin-600-27152396a129082ada86fd6444b9ad4b.woff2 was preloaded using link preload but not used within a few seconds from the window's load event. Please make sure it has an appropriate `as` value and it is preloaded intentionally. @ https://onlinelibrary.wiley.com/doi/10.1111/j.1540-6261.1991.tb03749.x:0
[    7730ms] [WARNING] The resource https://onlinelibrary.wiley.com/products/acropolis/pericles/releasedAssets/fonts/open-sans/open-sans-v15-latin-regular-87a454b233bedae23f8d1be11e8b4f68.woff was preloaded using link preload but not used within a few seconds from the window's load event. Please make sure it has an appropriate `as` value and it is preloaded intentionally. @ https://onlinelibrary.wiley.com/doi/10.1111/j.1540-6261.1991.tb03749.x:0
[    7730ms] [WARNING] The resource https://onlinelibrary.wiley.com/products/acropolis/pericles/releasedAssets/fonts/open-sans/open-sans-v15-latin-800-3b2da54475cee88b1387631ce1eb8599.woff2 was preloaded using link preload but not used within a few seconds from the window's load event. Please make sure it has an appropriate `as` value and it is preloaded intentionally. @ https://onlinelibrary.wiley.com/doi/10.1111/j.1540-6261.1991.tb03749.x:0
[    7730ms] [WARNING] The resource https://onlinelibrary.wiley.com/products/acropolis/pericles/releasedAssets/fonts/open-sans/open-sans-v15-latin-800italic-6d6776db88bc05414be342f8c8ee6ad9.woff2 was preloaded using link preload but not used within a few seconds from the window's load event. Please make sure it has an appropriate `as` value and it is preloaded intentionally. @ https://onlinelibrary.wiley.com/doi/10.1111/j.1540-6261.1991.tb03749.x:0
[    7730ms] [WARNING] The resource https://onlinelibrary.wiley.com/products/acropolis/pericles/releasedAssets/fonts/source-serif-pro/source-serif-pro-v5-latin-regular-80b2da76a0438320789aa7091b21055a.woff2 was preloaded using link preload but not used within a few seconds from the window's load event. Please make sure it has an appropriate `as` value and it is preloaded intentionally. @ https://onlinelibrary.wiley.com/doi/10.1111/j.1540-6261.1991.tb03749.x:0
[    7730ms] [WARNING] The resource https://onlinelibrary.wiley.com/products/acropolis/pericles/releasedAssets/fonts/open-sans/open-sans-v15-latin-300italic-f87536f8fce296ba6c4205276423d1f8.woff2 was preloaded using link preload but not used within a few seconds from the window's load event. Please make sure it has an appropriate `as` value and it is preloaded intentionally. @ https://onlinelibrary.wiley.com/doi/10.1111/j.1540-6261.1991.tb03749.x:0
[    7730ms] [WARNING] The resource https://onlinelibrary.wiley.com/products/acropolis/pericles/releasedAssets/fonts/open-sans/open-sans-v29-latin-ext-300italic-3db9f2e1daaac364a9a5be78d0293585.woff2 was preloaded using link preload but not used within a few seconds from the window's load event. Please make sure it has an appropriate `as` value and it is preloaded intentionally. @ https://onlinelibrary.wiley.com/doi/10.1111/j.1540-6261.1991.tb03749.x:0
[    7730ms] [WARNING] The resource https://onlinelibrary.wiley.com/products/acropolis/pericles/releasedAssets/fonts/open-sans/open-sans-v15-latin-700italic-aff641ffb783d3346c2a56316eb86fea.woff2 was preloaded using link preload but not used within a few seconds from the window's load event. Please make sure it has an appropriate `as` value and it is preloaded intentionally. @ https://onlinelibrary.wiley.com/doi/10.1111/j.1540-6261.1991.tb03749.x:0
[    7730ms] [WARNING] The resource https://onlinelibrary.wiley.com/products/acropolis/pericles/releasedAssets/fonts/open-sans/open-sans-v29-latin-ext-italic-2b6b4e6c5b21536d981f80949b396264.woff2 was preloaded using link preload but not used within a few seconds from the window's load event. Please make sure it has an appropriate `as` value and it is preloaded intentionally. @ https://onlinelibrary.wiley.com/doi/10.1111/j.1540-6261.1991.tb03749.x:0
[    7730ms] [WARNING] The resource https://onlinelibrary.wiley.com/products/acropolis/pericles/releasedAssets/fonts/open-sans/open-sans-v34-latin-ext-300-c02b27b95119783b496326ecb22cc429.woff2 was preloaded using link preload but not used within a few seconds from the window's load event. Please make sure it has an appropriate `as` value and it is preloaded intentionally. @ https://onlinelibrary.wiley.com/doi/10.1111/j.1540-6261.1991.tb03749.x:0
[    7730ms] [WARNING] The resource https://onlinelibrary.wiley.com/products/acropolis/pericles/releasedAssets/fonts/open-sans/open-sans-v15-latin-italic-30e38142e06c4c0ee948fc7d851ad780.woff2 was preloaded using link preload but not used within a few seconds from the window's load event. Please make sure it has an appropriate `as` value and it is preloaded intentionally. @ https://onlinelibrary.wiley.com/doi/10.1111/j.1540-6261.1991.tb03749.x:0
[    7730ms] [WARNING] The resource https://onlinelibrary.wiley.com/products/acropolis/pericles/releasedAssets/fonts/open-sans/open-sans-v15-latin-300-f2ebdee8c2343f558a0221d276957606.woff2 was preloaded using link preload but not used within a few seconds from the window's load event. Please make sure it has an appropriate `as` value and it is preloaded intentionally. @ https://onlinelibrary.wiley.com/doi/10.1111/j.1540-6261.1991.tb03749.x:0
[    7730ms] [WARNING] The resource https://onlinelibrary.wiley.com/products/acropolis/pericles/releasedAssets/fonts/open-sans/open-sans-v29-latin-ext-300-53a72308edae8f52dfe45352d474466f.woff2 was preloaded using link preload but not used within a few seconds from the window's load event. Please make sure it has an appropriate `as` value and it is preloaded intentionally. @ https://onlinelibrary.wiley.com/doi/10.1111/j.1540-6261.1991.tb03749.x:0
[    7730ms] [WARNING] The resource https://onlinelibrary.wiley.com/products/acropolis/pericles/releasedAssets/fonts/open-sans/open-sans-v34-latin-ext-600italic-0c935711cfb2e1e8f22ec36a8ccfafb2.woff2 was preloaded using link preload but not used within a few seconds from the window's load event. Please make sure it has an appropriate `as` value and it is preloaded intentionally. @ https://onlinelibrary.wiley.com/doi/10.1111/j.1540-6261.1991.tb03749.x:0
[    7730ms] [WARNING] The resource https://onlinelibrary.wiley.com/products/acropolis/pericles/releasedAssets/fonts/open-sans/open-sans-v29-latin-ext-600-5ea434b2a50014495a3280ca861d474d.woff2 was preloaded using link preload but not used within a few seconds from the window's load event. Please make sure it has an appropriate `as` value and it is preloaded intentionally. @ https://onlinelibrary.wiley.com/doi/10.1111/j.1540-6261.1991.tb03749.x:0
[    7730ms] [WARNING] The resource https://onlinelibrary.wiley.com/products/acropolis/pericles/releasedAssets/fonts/open-sans/open-sans-v34-latin-ext-italic-3e38a3ad85a9d7971ef16a1e8a3f2e7f.woff2 was preloaded using link preload but not used within a few seconds from the window's load event. Please make sure it has an appropriate `as` value and it is preloaded intentionally. @ https://onlinelibrary.wiley.com/doi/10.1111/j.1540-6261.1991.tb03749.x:0
[    7730ms] [WARNING] The resource https://onlinelibrary.wiley.com/products/acropolis/pericles/releasedAssets/fonts/source-serif-pro/source-serif-pro-v5-latin-700-de41b2bc81b8d395f1ede0f357968cb0.woff2 was preloaded using link preload but not used within a few seconds from the window's load event. Please make sure it has an appropriate `as` value and it is preloaded intentionally. @ https://onlinelibrary.wiley.com/doi/10.1111/j.1540-6261.1991.tb03749.x:0
[    7730ms] [WARNING] The resource https://onlinelibrary.wiley.com/products/acropolis/pericles/releasedAssets/fonts/open-sans/open-sans-v15-latin-700-7435e6c2064f36f486266e516e9838b8.woff2 was preloaded using link preload but not used within a few seconds from the window's load event. Please make sure it has an appropriate `as` value and it is preloaded intentionally. @ https://onlinelibrary.wiley.com/doi/10.1111/j.1540-6261.1991.tb03749.x:0
[    7730ms] [WARNING] The resource https://onlinelibrary.wiley.com/products/acropolis/pericles/releasedAssets/fonts/open-sans/open-sans-v34-latin-ext-300italic-b89e08a52a38d3a5fa12b265ef1799e4.woff2 was preloaded using link preload but not used within a few seconds from the window's load event. Please make sure it has an appropriate `as` value and it is preloaded intentionally. @ https://onlinelibrary.wiley.com/doi/10.1111/j.1540-6261.1991.tb03749.x:0
[    7731ms] [WARNING] The resource https://onlinelibrary.wiley.com/products/acropolis/pericles/releasedAssets/fonts/open-sans/open-sans-v29-latin-ext-regular-ccfa20f8de7f73249c39bd9b206e0b3b.woff2 was preloaded using link preload but not used within a few seconds from the window's load event. Please make sure it has an appropriate `as` value and it is preloaded intentionally. @ https://onlinelibrary.wiley.com/doi/10.1111/j.1540-6261.1991.tb03749.x:0
[    7731ms] [WARNING] The resource https://onlinelibrary.wiley.com/products/acropolis/pericles/releasedAssets/fonts/open-sans/open-sans-v15-latin-600italic-fe6c0e0a84eb03400dc58528fcdaad00.woff2 was preloaded using link preload but not used within a few seconds from the window's load event. Please make sure it has an appropriate `as` value and it is preloaded intentionally. @ https://onlinelibrary.wiley.com/doi/10.1111/j.1540-6261.1991.tb03749.x:0
[    7731ms] [WARNING] The resource https://onlinelibrary.wiley.com/products/acropolis/pericles/releasedAssets/fonts/open-sans/open-sans-v29-latin-ext-600italic-21d098b9bf85845fdaac6c732e6c94de.woff2 was preloaded using link preload but not used within a few seconds from the window's load event. Please make sure it has an appropriate `as` value and it is preloaded intentionally. @ https://onlinelibrary.wiley.com/doi/10.1111/j.1540-6261.1991.tb03749.x:0
[  305543ms] [WARNING] The resource https://onlinelibrary.wiley.com/products/acropolis/pericles/releasedAssets/fonts/open-sans/open-sans-v34-latin-ext-600-d985c84909eb941bc635fa8524d08f55.woff2 was preloaded using link preload but not used within a few seconds from the window's load event. Please make sure it has an appropriate `as` value and it is preloaded intentionally. @ https://onlinelibrary.wiley.com/doi/10.1111/j.1540-6261.1991.tb03749.x:0
[  305543ms] [WARNING] The resource https://onlinelibrary.wiley.com/products/acropolis/pericles/releasedAssets/fonts/source-serif-pro/source-serif-pro-v5-latin-600-c499fba2e89b590ea2e845c08766668b.woff2 was preloaded using link preload but not used within a few seconds from the window's load event. Please make sure it has an appropriate `as` value and it is preloaded intentionally. @ https://onlinelibrary.wiley.com/doi/10.1111/j.1540-6261.1991.tb03749.x:0
[  305543ms] [WARNING] The resource https://onlinelibrary.wiley.com/products/acropolis/pericles/releasedAssets/fonts/open-sans/open-sans-v15-latin-600-27152396a129082ada86fd6444b9ad4b.woff2 was preloaded using link preload but not used within a few seconds from the window's load event. Please make sure it has an appropriate `as` value and it is preloaded intentionally. @ https://onlinelibrary.wiley.com/doi/10.1111/j.1540-6261.1991.tb03749.x:0
[  305543ms] [WARNING] The resource https://onlinelibrary.wiley.com/products/acropolis/pericles/releasedAssets/fonts/open-sans/open-sans-v15-latin-regular-87a454b233bedae23f8d1be11e8b4f68.woff was preloaded using link preload but not used within a few seconds from the window's load event. Please make sure it has an appropriate `as` value and it is preloaded intentionally. @ https://onlinelibrary.wiley.com/doi/10.1111/j.1540-6261.1991.tb03749.x:0
[  305543ms] [WARNING] The resource https://onlinelibrary.wiley.com/products/acropolis/pericles/releasedAssets/fonts/open-sans/open-sans-v15-latin-800-3b2da54475cee88b1387631ce1eb8599.woff2 was preloaded using link preload but not used within a few seconds from the window's load event. Please make sure it has an appropriate `as` value and it is preloaded intentionally. @ https://onlinelibrary.wiley.com/doi/10.1111/j.1540-6261.1991.tb03749.x:0
[  305543ms] [WARNING] The resource https://onlinelibrary.wiley.com/products/acropolis/pericles/releasedAssets/fonts/open-sans/open-sans-v15-latin-800italic-6d6776db88bc05414be342f8c8ee6ad9.woff2 was preloaded using link preload but not used within a few seconds from the window's load event. Please make sure it has an appropriate `as` value and it is preloaded intentionally. @ https://onlinelibrary.wiley.com/doi/10.1111/j.1540-6261.1991.tb03749.x:0
[  305543ms] [WARNING] The resource https://onlinelibrary.wiley.com/products/acropolis/pericles/releasedAssets/fonts/source-serif-pro/source-serif-pro-v5-latin-regular-80b2da76a0438320789aa7091b21055a.woff2 was preloaded using link preload but not used within a few seconds from the window's load event. Please make sure it has an appropriate `as` value and it is preloaded intentionally. @ https://onlinelibrary.wiley.com/doi/10.1111/j.1540-6261.1991.tb03749.x:0
[  305543ms] [WARNING] The resource https://onlinelibrary.wiley.com/products/acropolis/pericles/releasedAssets/fonts/open-sans/open-sans-v15-latin-300italic-f87536f8fce296ba6c4205276423d1f8.woff2 was preloaded using link preload but not used within a few seconds from the window's load event. Please make sure it has an appropriate `as` value and it is preloaded intentionally. @ https://onlinelibrary.wiley.com/doi/10.1111/j.1540-6261.1991.tb03749.x:0
[  305543ms] [WARNING] The resource https://onlinelibrary.wiley.com/products/acropolis/pericles/releasedAssets/fonts/open-sans/open-sans-v29-latin-ext-300italic-3db9f2e1daaac364a9a5be78d0293585.woff2 was preloaded using link preload but not used within a few seconds from the window's load event. Please make sure it has an appropriate `as` value and it is preloaded intentionally. @ https://onlinelibrary.wiley.com/doi/10.1111/j.1540-6261.1991.tb03749.x:0
[  305543ms] [WARNING] The resource https://onlinelibrary.wiley.com/products/acropolis/pericles/releasedAssets/fonts/open-sans/open-sans-v15-latin-700italic-aff641ffb783d3346c2a56316eb86fea.woff2 was preloaded using link preload but not used within a few seconds from the window's load event. Please make sure it has an appropriate `as` value and it is preloaded intentionally. @ https://onlinelibrary.wiley.com/doi/10.1111/j.1540-6261.1991.tb03749.x:0
[  305543ms] [WARNING] The resource https://onlinelibrary.wiley.com/products/acropolis/pericles/releasedAssets/fonts/open-sans/open-sans-v29-latin-ext-italic-2b6b4e6c5b21536d981f80949b396264.woff2 was preloaded using link preload but not used within a few seconds from the window's load event. Please make sure it has an appropriate `as` value and it is preloaded intentionally. @ https://onlinelibrary.wiley.com/doi/10.1111/j.1540-6261.1991.tb03749.x:0
[  305543ms] [WARNING] The resource https://onlinelibrary.wiley.com/products/acropolis/pericles/releasedAssets/fonts/open-sans/open-sans-v34-latin-ext-300-c02b27b95119783b496326ecb22cc429.woff2 was preloaded using link preload but not used within a few seconds from the window's load event. Please make sure it has an appropriate `as` value and it is preloaded intentionally. @ https://onlinelibrary.wiley.com/doi/10.1111/j.1540-6261.1991.tb03749.x:0
[  305543ms] [WARNING] The resource https://onlinelibrary.wiley.com/products/acropolis/pericles/releasedAssets/fonts/open-sans/open-sans-v15-latin-italic-30e38142e06c4c0ee948fc7d851ad780.woff2 was preloaded using link preload but not used within a few seconds from the window's load event. Please make sure it has an appropriate `as` value and it is preloaded intentionally. @ https://onlinelibrary.wiley.com/doi/10.1111/j.1540-6261.1991.tb03749.x:0
[  305543ms] [WARNING] The resource https://onlinelibrary.wiley.com/products/acropolis/pericles/releasedAssets/fonts/open-sans/open-sans-v15-latin-300-f2ebdee8c2343f558a0221d276957606.woff2 was preloaded using link preload but not used within a few seconds from the window's load event. Please make sure it has an appropriate `as` value and it is preloaded intentionally. @ https://onlinelibrary.wiley.com/doi/10.1111/j.1540-6261.1991.tb03749.x:0
[  305543ms] [WARNING] The resource https://onlinelibrary.wiley.com/products/acropolis/pericles/releasedAssets/fonts/open-sans/open-sans-v29-latin-ext-300-53a72308edae8f52dfe45352d474466f.woff2 was preloaded using link preload but not used within a few seconds from the window's load event. Please make sure it has an appropriate `as` value and it is preloaded intentionally. @ https://onlinelibrary.wiley.com/doi/10.1111/j.1540-6261.1991.tb03749.x:0
[  305543ms] [WARNING] The resource https://onlinelibrary.wiley.com/products/acropolis/pericles/releasedAssets/fonts/open-sans/open-sans-v34-latin-ext-600italic-0c935711cfb2e1e8f22ec36a8ccfafb2.woff2 was preloaded using link preload but not used within a few seconds from the window's load event. Please make sure it has an appropriate `as` value and it is preloaded intentionally. @ https://onlinelibrary.wiley.com/doi/10.1111/j.1540-6261.1991.tb03749.x:0
[  305543ms] [WARNING] The resource https://onlinelibrary.wiley.com/products/acropolis/pericles/releasedAssets/fonts/open-sans/open-sans-v29-latin-ext-600-5ea434b2a50014495a3280ca861d474d.woff2 was preloaded using link preload but not used within a few seconds from the window's load event. Please make sure it has an appropriate `as` value and it is preloaded intentionally. @ https://onlinelibrary.wiley.com/doi/10.1111/j.1540-6261.1991.tb03749.x:0
[  305543ms] [WARNING] The resource https://onlinelibrary.wiley.com/products/acropolis/pericles/releasedAssets/fonts/open-sans/open-sans-v34-latin-ext-italic-3e38a3ad85a9d7971ef16a1e8a3f2e7f.woff2 was preloaded using link preload but not used within a few seconds from the window's load event. Please make sure it has an appropriate `as` value and it is preloaded intentionally. @ https://onlinelibrary.wiley.com/doi/10.1111/j.1540-6261.1991.tb03749.x:0
[  305543ms] [WARNING] The resource https://onlinelibrary.wiley.com/products/acropolis/pericles/releasedAssets/fonts/source-serif-pro/source-serif-pro-v5-latin-700-de41b2bc81b8d395f1ede0f357968cb0.woff2 was preloaded using link preload but not used within a few seconds from the window's load event. Please make sure it has an appropriate `as` value and it is preloaded intentionally. @ https://onlinelibrary.wiley.com/doi/10.1111/j.1540-6261.1991.tb03749.x:0
[  305543ms] [WARNING] The resource https://onlinelibrary.wiley.com/products/acropolis/pericles/releasedAssets/fonts/open-sans/open-sans-v15-latin-700-7435e6c2064f36f486266e516e9838b8.woff2 was preloaded using link preload but not used within a few seconds from the window's load event. Please make sure it has an appropriate `as` value and it is preloaded intentionally. @ https://onlinelibrary.wiley.com/doi/10.1111/j.1540-6261.1991.tb03749.x:0
[  305543ms] [WARNING] The resource https://onlinelibrary.wiley.com/products/acropolis/pericles/releasedAssets/fonts/open-sans/open-sans-v34-latin-ext-300italic-b89e08a52a38d3a5fa12b265ef1799e4.woff2 was preloaded using link preload but not used within a few seconds from the window's load event. Please make sure it has an appropriate `as` value and it is preloaded intentionally. @ https://onlinelibrary.wiley.com/doi/10.1111/j.1540-6261.1991.tb03749.x:0
[  305543ms] [WARNING] The resource https://onlinelibrary.wiley.com/products/acropolis/pericles/releasedAssets/fonts/open-sans/open-sans-v29-latin-ext-regular-ccfa20f8de7f73249c39bd9b206e0b3b.woff2 was preloaded using link preload but not used within a few seconds from the window's load event. Please make sure it has an appropriate `as` value and it is preloaded intentionally. @ https://onlinelibrary.wiley.com/doi/10.1111/j.1540-6261.1991.tb03749.x:0
[  305543ms] [WARNING] The resource https://onlinelibrary.wiley.com/products/acropolis/pericles/releasedAssets/fonts/open-sans/open-sans-v15-latin-600italic-fe6c0e0a84eb03400dc58528fcdaad00.woff2 was preloaded using link preload but not used within a few seconds from the window's load event. Please make sure it has an appropriate `as` value and it is preloaded intentionally. @ https://onlinelibrary.wiley.com/doi/10.1111/j.1540-6261.1991.tb03749.x:0
[  305543ms] [WARNING] The resource https://onlinelibrary.wiley.com/products/acropolis/pericles/releasedAssets/fonts/open-sans/open-sans-v29-latin-ext-600italic-21d098b9bf85845fdaac6c732e6c94de.woff2 was preloaded using link preload but not used within a few seconds from the window's load event. Please make sure it has an appropriate `as` value and it is preloaded intentionally. @ https://onlinelibrary.wiley.com/doi/10.1111/j.1540-6261.1991.tb03749.x:0
